[bdevs.net/zomata/zomata/index-3.html]
[backblue.gif]
[fade.gif]
[index.html]
[bdevs.net/zomata/zomata/site.webmanifest]
[bdevs.net/zomata/zomata/img/favicon.png]
[bdevs.net/zomata/zomata/css/bootstrap.min.css]
[bdevs.net/zomata/zomata/css/owl.carousel.min.css]
[bdevs.net/zomata/zomata/css/animate.min.css]
[bdevs.net/zomata/zomata/css/magnific-popup.css]
[bdevs.net/zomata/zomata/css/meanmenu.css]
[bdevs.net/zomata/zomata/css/flaticon.css]
[bdevs.net/zomata/zomata/css/fontawesome-all.min.css]
[bdevs.net/zomata/zomata/css/slick.css]
[bdevs.net/zomata/zomata/css/dripicons.css]
[bdevs.net/zomata/zomata/css/themify-icons.css]
[bdevs.net/zomata/zomata/css/default.css]
[bdevs.net/zomata/zomata/css/style.css]
[bdevs.net/zomata/zomata/css/responsive.css]
[bdevs.net/zomata/zomata/index.html]
[bdevs.net/zomata/zomata/img/logo/logo-white2.png]
[bdevs.net/zomata/zomata/img/logo/logo-white2@2x.png]
[bdevs.net/zomata/zomata/index-2.html]
[bdevs.net/zomata/zomata/about.html]
[bdevs.net/zomata/zomata/services.html]
[bdevs.net/zomata/zomata/shop.html]
[bdevs.net/zomata/zomata/blog.html]
[bdevs.net/zomata/zomata/gallery-01.html]
[bdevs.net/zomata/zomata/gallery-02.html]
[bdevs.net/zomata/zomata/gallery-03.html]
[bdevs.net/zomata/zomata/gallery-details-1.html]
[bdevs.net/zomata/zomata/gallery-details-2.html]
[bdevs.net/zomata/zomata/gallery-details-3.html]
[bdevs.net/zomata/zomata/gallery-details-4.html]
[bdevs.net/zomata/zomata/blog-details.html]
[bdevs.net/zomata/zomata/services-details.html]
[bdevs.net/zomata/zomata/shop-details.html]
[bdevs.net/zomata/zomata/team.html]
[bdevs.net/zomata/zomata/404.html]
[bdevs.net/zomata/zomata/contact.html]
[bdevs.net/zomata/zomata/img/logo/logo-white.png]
[bdevs.net/zomata/zomata/img/gallery/gallery1.jpg]
[bdevs.net/zomata/zomata/img/gallery/gallery2.jpg]
[bdevs.net/zomata/zomata/img/gallery/gallery3.jpg]
[bdevs.net/zomata/zomata/img/gallery/gallery4.jpg]
[bdevs.net/zomata/zomata/img/gallery/gallery5.jpg]
[bdevs.net/zomata/zomata/img/gallery/gallery6.jpg]
[bdevs.net/zomata/zomata/img/slider/slider3.jpg]
[bdevs.net/zomata/zomata/img/slider/slider3-2.jpg]
[bdevs.net/zomata/zomata/img/slider/slider3-3.jpg]
[bdevs.net/zomata/zomata/img/about/2.jpg]
[bdevs.net/zomata/zomata/img/bg/bg11.jpg]
[bdevs.net/zomata/zomata/img/shape/1.png]
[bdevs.net/zomata/zomata/img/product/product1.jpg]
[bdevs.net/zomata/zomata/img/product/product2.jpg]
[bdevs.net/zomata/zomata/img/product/product3.jpg]
[bdevs.net/zomata/zomata/img/product/product4.jpg]
[bdevs.net/zomata/zomata/img/bg/bg12.jpg]
[bdevs.net/zomata/zomata/img/bg/3.png]
[bdevs.net/zomata/zomata/img/service/1.jpg]
[bdevs.net/zomata/zomata/img/service/2.jpg]
[bdevs.net/zomata/zomata/img/service/3.jpg]
[bdevs.net/zomata/zomata/img/team/team1.jpg]
[bdevs.net/zomata/zomata/img/team/team2.jpg]
[bdevs.net/zomata/zomata/img/team/team3.jpg]
[bdevs.net/zomata/zomata/img/bg/bg13.jpg]
[bdevs.net/zomata/zomata/img/blog/blog1.jpg]
[bdevs.net/zomata/zomata/img/blog/blog2.jpg]
[bdevs.net/zomata/zomata/img/blog/blog3.jpg]
[bdevs.net/zomata/zomata/img/bg/bg14.jpg]
[bdevs.net/zomata/zomata/img/logo/white.png]
[bdevs.net/zomata/zomata/img/shape/f.png]
[bdevs.net/cdn-cgi/scripts/5c5dd728/cloudflare-static/email-decode.min.js]
[bdevs.net/zomata/zomata/js/vendor/modernizr-3.5.0.min.js]
[bdevs.net/zomata/zomata/js/vendor/jquery-1.12.4.min.js]
[bdevs.net/zomata/zomata/js/waypoints.min.js]
[bdevs.net/zomata/zomata/js/jquery.counterup.min.js]
[bdevs.net/zomata/zomata/js/jquery.countdown.min.js]
[bdevs.net/zomata/zomata/js/bootstrap.min.js]
[bdevs.net/zomata/zomata/js/owl.carousel.min.js]
[bdevs.net/zomata/zomata/js/jquery.meanmenu.min.js]
[bdevs.net/zomata/zomata/js/isotope.pkgd.min.js]
[bdevs.net/zomata/zomata/js/ajax-form.js]
[bdevs.net/zomata/zomata/js/wow.min.js]
[bdevs.net/zomata/zomata/js/slick.min.js]
[bdevs.net/zomata/zomata/js/jquery.scrollUp.min.js]
[bdevs.net/zomata/zomata/js/imagesloaded.pkgd.min.js]
[bdevs.net/zomata/zomata/js/plugins.js]
[bdevs.net/zomata/zomata/index-3.html]
[bdevs.net/zomata/zomata/js/jquery.magnific-popup.min.js]
[bdevs.net/zomata/zomata/site.html]
[bdevs.net/zomata/zomata/js/main.js]
[bdevs.net/zomata/zomata/css/bootstrap.min.css]
[bdevs.net/zomata/zomata/css/owl.video.play.png]
[bdevs.net/zomata/zomata/css/owl.carousel.min.css]
[bdevs.net/zomata/zomata/css/animate.min.css]
[bdevs.net/zomata/zomata/css/magnific-popup.css]
[bdevs.net/zomata/zomata/css/meanmenu.css]
[bdevs.net/zomata/zomata/fonts/Flaticon.eot]
[bdevs.net/zomata/zomata/fonts/Flaticon.woff]
[bdevs.net/zomata/zomata/fonts/Flaticond41d.eot]
[bdevs.net/zomata/zomata/css/flaticon.css]
[bdevs.net/zomata/zomata/fonts/Flaticon.svg]
[bdevs.net/zomata/zomata/fonts/fa-brands-400.woff]
[bdevs.net/zomata/zomata/fonts/fa-brands-400.eot]
[bdevs.net/zomata/zomata/fonts/fa-brands-400d41d.eot]
[bdevs.net/zomata/zomata/fonts/fa-brands-400.svg]
[bdevs.net/zomata/zomata/fonts/fa-regular-400.woff]
[bdevs.net/zomata/zomata/fonts/fa-regular-400.eot]
[bdevs.net/zomata/zomata/fonts/fa-regular-400d41d.eot]
[bdevs.net/zomata/zomata/fonts/fa-regular-400.svg]
[bdevs.net/zomata/zomata/fonts/fa-solid-900.woff]
[bdevs.net/zomata/zomata/fonts/fa-solid-900.eot]
[bdevs.net/zomata/zomata/css/fontawesome-all.min.css]
[bdevs.net/zomata/zomata/css/slick.css]
[bdevs.net/zomata/zomata/fonts/fa-solid-900d41d.eot]
[bdevs.net/zomata/zomata/fonts/fa-solid-900.svg]
[bdevs.net/zomata/zomata/fonts/dripicons-v2.woff]
[bdevs.net/zomata/zomata/fonts/dripicons-v2.eot]
[bdevs.net/zomata/zomata/css/dripicons.css]
[bdevs.net/zomata/zomata/fonts/dripicons-v2.svg]
[bdevs.net/zomata/zomata/fonts/dripicons-v2d41d.eot]
[bdevs.net/zomata/zomata/fonts/themify9f24.woff]
[bdevs.net/zomata/zomata/fonts/themify9f24.svg]
[bdevs.net/zomata/zomata/css/themify-icons.css]
[bdevs.net/zomata/zomata/css/default.css]
[bdevs.net/zomata/zomata/img/icon/menu-border.png]
[bdevs.net/zomata/zomata/img/about/shape.png]
[bdevs.net/zomata/zomata/fonts/themify9f24.eot]
[bdevs.net/zomata/zomata/img/features/11.png]
[bdevs.net/zomata/zomata/img/shape/2.png]
[bdevs.net/zomata/zomata/fonts/themifyd41d.eot]
[bdevs.net/zomata/zomata/img/gallery/1.png]
[bdevs.net/zomata/zomata/img/testimonial/icon.png]
[bdevs.net/zomata/zomata/img/testimonial/icon1.png]
[bdevs.net/zomata/zomata/img/pricing/1.png]
[bdevs.net/zomata/zomata/img/service/service-details/icon1.png]
[bdevs.net/zomata/zomata/css/style.css]
[bdevs.net/zomata/zomata/css/responsive.css]
[bdevs.net/zomata/zomata/img/logo/logo.png]
[bdevs.net/zomata/zomata/img/logo/logo@2x.png]
[bdevs.net/zomata/zomata/img/slider/slider1.jpg]
[bdevs.net/zomata/zomata/img/slider/slider1-2.jpg]
[bdevs.net/zomata/zomata/img/bg/about.png]
[bdevs.net/zomata/zomata/img/about/1.png]
[bdevs.net/zomata/zomata/img/bg/bg1.jpg]
[bdevs.net/zomata/zomata/img/features/1.png]
[bdevs.net/zomata/zomata/img/features/2.png]
[bdevs.net/zomata/zomata/img/features/3.png]
[bdevs.net/zomata/zomata/img/shape/shape1.png]
[bdevs.net/zomata/zomata/img/shape/shape2.png]
[bdevs.net/zomata/zomata/img/shape/shape3.png]
[bdevs.net/zomata/zomata/img/shape/shape4.png]
[bdevs.net/zomata/zomata/img/product/product1.png]
[bdevs.net/zomata/zomata/img/product/product2.png]
[bdevs.net/zomata/zomata/img/product/product3.png]
[bdevs.net/zomata/zomata/img/product/product4.png]
[bdevs.net/zomata/zomata/img/bg/bg2.jpg]
[bdevs.net/zomata/zomata/img/shape/3.png]
[bdevs.net/zomata/zomata/img/shape/why-shape.png]
[bdevs.net/zomata/zomata/img/choose/01.jpg]
[bdevs.net/zomata/zomata/img/icon/1.png]
[bdevs.net/zomata/zomata/img/icon/2.png]
[bdevs.net/zomata/zomata/img/icon/3.png]
[bdevs.net/zomata/zomata/img/gallery/gallery7.jpg]
[bdevs.net/zomata/zomata/img/gallery/gallery8.jpg]
[bdevs.net/zomata/zomata/img/shape/sp2.png]
[bdevs.net/zomata/zomata/img/shape/sp1.png]
[bdevs.net/zomata/zomata/img/shape/sp3.png]
[bdevs.net/zomata/zomata/img/shape/sp4.png]
[bdevs.net/zomata/zomata/img/team/1.jpg]
[bdevs.net/zomata/zomata/img/team/2.jpg]
[bdevs.net/zomata/zomata/img/team/3.jpg]
[bdevs.net/zomata/zomata/img/team/4.jpg]
[bdevs.net/zomata/zomata/img/bg/bg3.jpg]
[bdevs.net/zomata/zomata/img/bg/bg4.jpg]
[bdevs.net/zomata/zomata/img/testimonial/1.png]
[bdevs.net/zomata/zomata/img/bg/blog-bg.png]
[bdevs.net/zomata/zomata/img/bg/bg5.jpg]
[bdevs.net/zomata/zomata/img/brand/1.png]
[bdevs.net/zomata/zomata/img/brand/2.png]
[bdevs.net/zomata/zomata/img/brand/3.png]
[bdevs.net/zomata/zomata/img/brand/4.png]
[bdevs.net/zomata/zomata/img/brand/5.png]
[bdevs.net/zomata/zomata/img/bg/bg6.jpg]
[bdevs.net/zomata/zomata/index.html]
[bdevs.net/zomata/zomata/img/slider/slider2.jpg]
[bdevs.net/zomata/zomata/img/slider/slider2-2.jpg]
[bdevs.net/zomata/zomata/img/icon/icon1.png]
[bdevs.net/zomata/zomata/img/icon/icon2.png]
[bdevs.net/zomata/zomata/img/icon/icon3.png]
[bdevs.net/zomata/zomata/img/bg/bg7.jpg]
[bdevs.net/zomata/zomata/img/bg/1.png]
[bdevs.net/zomata/zomata/img/bg/bg8.jpg]
[bdevs.net/zomata/zomata/img/choose/02.png]
[bdevs.net/zomata/zomata/img/icon/4.png]
[bdevs.net/zomata/zomata/img/bg/2.png]
[bdevs.net/zomata/zomata/img/features/4.png]
[bdevs.net/zomata/zomata/img/features/5.png]
[bdevs.net/zomata/zomata/img/features/6.png]
[bdevs.net/zomata/zomata/img/bg/bg9.jpg]
[bdevs.net/zomata/zomata/img/bg/01.jpg]
[bdevs.net/zomata/zomata/img/testimonial/3.png]
[bdevs.net/zomata/zomata/img/bg/bg10.jpg]
[bdevs.net/zomata/zomata/img/blog/1.jpg]
[bdevs.net/zomata/zomata/img/blog/2.jpg]
[bdevs.net/zomata/zomata/img/blog/3.jpg]
[bdevs.net/zomata/zomata/img/shape/f2.png]
[bdevs.net/zomata/zomata/img/footer/1.jpg]
[bdevs.net/zomata/zomata/index-2.html]
[bdevs.net/zomata/zomata/img/bg/bg15.jpg]
[bdevs.net/zomata/zomata/img/testimonial/4.png]
[bdevs.net/zomata/zomata/about.html]
[bdevs.net/zomata/zomata/img/service/1.png]
[bdevs.net/zomata/zomata/img/service/4.jpg]
[bdevs.net/zomata/zomata/img/service/5.jpg]
[bdevs.net/zomata/zomata/img/service/6.jpg]
[bdevs.net/zomata/zomata/img/service/7.jpg]
[bdevs.net/zomata/zomata/img/service/8.jpg]
[bdevs.net/zomata/zomata/img/bg/bg16.jpg]
[bdevs.net/zomata/zomata/img/bg/4.png]
[bdevs.net/zomata/zomata/img/icon/p1.png]
[bdevs.net/zomata/zomata/img/icon/p2.png]
[bdevs.net/zomata/zomata/img/icon/p3.png]
[bdevs.net/zomata/zomata/services.html]
[bdevs.net/zomata/zomata/img/product/05.png]
[bdevs.net/zomata/zomata/img/product/06.png]
[bdevs.net/zomata/zomata/img/product/07.png]
[bdevs.net/zomata/zomata/img/product/08.png]
[bdevs.net/zomata/zomata/img/product/09.png]
[bdevs.net/zomata/zomata/img/product/10.png]
[bdevs.net/zomata/zomata/img/product/11.png]
[bdevs.net/zomata/zomata/shop.html]
[bdevs.net/zomata/zomata/img/blog/b1.jpg]
[bdevs.net/zomata/zomata/img/blog/b5.jpg]
[bdevs.net/zomata/zomata/img/blog/b2.jpg]
[bdevs.net/zomata/zomata/img/blog/b3.jpg]
[bdevs.net/zomata/zomata/img/blog/b4.jpg]
[bdevs.net/zomata/zomata/img/blog/details/me.png]
[bdevs.net/zomata/zomata/img/blog/details/img1.jpg]
[bdevs.net/zomata/zomata/img/blog/details/img2.jpg]
[bdevs.net/zomata/zomata/img/blog/details/img3.jpg]
[bdevs.net/zomata/zomata/img/blog/details/banner.jpg]
[bdevs.net/zomata/zomata/blog.html]
[bdevs.net/zomata/zomata/img/gallery/gallery9.jpg]
[bdevs.net/zomata/zomata/img/gallery/gallery10.jpg]
[bdevs.net/zomata/zomata/img/gallery/gallery11.jpg]
[bdevs.net/zomata/zomata/img/gallery/gallery12.jpg]
[bdevs.net/zomata/zomata/img/bg/bg17.jpg]
[bdevs.net/zomata/zomata/gallery-01.html]
[bdevs.net/zomata/zomata/img/gallery/gallery2/1.jpg]
[bdevs.net/zomata/zomata/img/gallery/gallery2/2.jpg]
[bdevs.net/zomata/zomata/img/gallery/gallery2/3.jpg]
[bdevs.net/zomata/zomata/img/gallery/gallery2/4.jpg]
[bdevs.net/zomata/zomata/img/gallery/gallery2/5.jpg]
[bdevs.net/zomata/zomata/img/gallery/gallery2/6.jpg]
[bdevs.net/zomata/zomata/img/gallery/gallery2/7.jpg]
[bdevs.net/zomata/zomata/img/gallery/gallery2/8.jpg]
[bdevs.net/zomata/zomata/img/gallery/gallery2/9.jpg]
[bdevs.net/zomata/zomata/gallery-02.html]
[bdevs.net/zomata/zomata/img/gallery/gallery3/1.jpg]
[bdevs.net/zomata/zomata/img/gallery/gallery3/2.jpg]
[bdevs.net/zomata/zomata/img/gallery/gallery3/3.jpg]
[bdevs.net/zomata/zomata/img/gallery/gallery3/4.jpg]
[bdevs.net/zomata/zomata/img/gallery/gallery3/5.jpg]
[bdevs.net/zomata/zomata/gallery-03.html]
[bdevs.net/zomata/zomata/img/gallery/gallery-custom/1.jpg]
[bdevs.net/zomata/zomata/img/gallery/gallery-custom/2.jpg]
[bdevs.net/zomata/zomata/gallery-details-1.html]
[bdevs.net/zomata/zomata/img/gallery/gallery-custom/4.jpg]
[bdevs.net/zomata/zomata/img/gallery/gallery-custom/3.jpg]
[bdevs.net/zomata/zomata/gallery-details-2.html]
[bdevs.net/zomata/zomata/img/gallery/gallery-custom/01.jpg]
[bdevs.net/zomata/zomata/img/gallery/gallery-custom/02.jpg]
[bdevs.net/zomata/zomata/img/gallery/gallery-custom/03.jpg]
[bdevs.net/zomata/zomata/img/gallery/gallery-custom/04.jpg]
[bdevs.net/zomata/zomata/gallery-details-3.html]
[bdevs.net/zomata/zomata/img/gallery/gallery-custom/5.jpg]
[bdevs.net/zomata/zomata/gallery-details-4.html]
[bdevs.net/zomata/zomata/img/blog/details/author.png]
[bdevs.net/zomata/zomata/img/blog/details/comments1.png]
[bdevs.net/zomata/zomata/img/blog/details/comments2.png]
[bdevs.net/zomata/zomata/blog-details.html]
[bdevs.net/zomata/zomata/img/service/service-details/4.jpg]
[bdevs.net/zomata/zomata/img/service/service-details/shape.png]
[bdevs.net/zomata/zomata/img/service/service-details/5.jpg]
[bdevs.net/zomata/zomata/img/service/service-details/banner.jpg]
[bdevs.net/zomata/zomata/img/service/service-details/1.jpg]
[bdevs.net/zomata/zomata/img/service/service-details/6.jpg]
[bdevs.net/zomata/zomata/img/service/service-details/icon2.png]
[bdevs.net/zomata/zomata/img/service/service-details/1.png]
[bdevs.net/zomata/zomata/img/service/service-details/2.jpg]
[bdevs.net/zomata/zomata/img/service/service-details/3.jpg]
[bdevs.net/zomata/zomata/services-details.html]
[bdevs.net/zomata/zomata/img/product/lg1.jpg]
[bdevs.net/zomata/zomata/img/product/lg2.jpg]
[bdevs.net/zomata/zomata/img/product/lg3.jpg]
[bdevs.net/zomata/zomata/img/product/comments/01.png]
[bdevs.net/zomata/zomata/img/product/comments/02.png]
[bdevs.net/zomata/zomata/shop-details.html]
[bdevs.net/zomata/zomata/img/team/5.jpg]
[bdevs.net/zomata/zomata/img/team/6.jpg]
[bdevs.net/zomata/zomata/img/team/7.jpg]
[bdevs.net/zomata/zomata/img/team/8.jpg]
[bdevs.net/zomata/zomata/team.html]
[bdevs.net/zomata/zomata/img/bg/404.jpg]
[bdevs.net/zomata/zomata/404.html]
[bdevs.net/zomata/zomata/img/shape/c.png]
[bdevs.net/zomata/zomata/img/bg/bg18.jpg]
[bdevs.net/zomata/zomata/contact.html]
[bdevs.net/zomata/zomata/css/owl.video.play.html]
[bdevs.net/zomata/zomata/fonts/Flaticon.html]
[bdevs.net/zomata/zomata/fonts/Flaticon-2.html]
[bdevs.net/zomata/zomata/fonts/Flaticon.svg]
[bdevs.net/zomata/zomata/fonts/fa-brands-400.html]
[bdevs.net/zomata/zomata/fonts/fa-brands-401.html]
[bdevs.net/zomata/zomata/fonts/fa-brands-400.svg]
[bdevs.net/zomata/zomata/fonts/fa-regular-400.html]
[bdevs.net/zomata/zomata/fonts/fa-regular-401.html]
[bdevs.net/zomata/zomata/fonts/fa-regular-400.svg]
[bdevs.net/zomata/zomata/fonts/fa-solid-900.html]
[bdevs.net/zomata/zomata/fonts/fa-solid-901.html]
[bdevs.net/zomata/zomata/fonts/fa-solid-900.svg]
[bdevs.net/zomata/zomata/fonts/dripicons-v2.html]
[bdevs.net/zomata/zomata/fonts/dripicons-v2.svg]
[bdevs.net/zomata/zomata/fonts/themify9f24.html]
[bdevs.net/zomata/zomata/fonts/themify9f24.svg]
